:14713//etc/eso/rudi.json:1  Failed to load resource: net::ERR_CONNECTION_REFUSED
vendor.34f22af5ffbffad14cd9.js:15356 WebSocket connection to 'ws://127.0.0.1:14713/' failed: 
(anonymous) @ vendor.34f22af5ffbffad14cd9.js:15356
n @ vendor.34f22af5ffbffad14cd9.js:44092
(anonymous) @ vendor.34f22af5ffbffad14cd9.js:44143
connect @ vendor.34f22af5ffbffad14cd9.js:44144
(anonymous) @ vendor.34f22af5ffbffad14cd9.js:44198
openProxy @ vendor.34f22af5ffbffad14cd9.js:29671
resolveServiceFromUri @ vendor.34f22af5ffbffad14cd9.js:127488
resolveServiceFromServiceDef @ vendor.34f22af5ffbffad14cd9.js:127516
_init @ vendor.34f22af5ffbffad14cd9.js:127333
(anonymous) @ vendor.34f22af5ffbffad14cd9.js:127286
invoke @ polyfills.01277dd26c3a4e28071d.js:1781
onInvoke @ vendor.34f22af5ffbffad14cd9.js:227940
invoke @ polyfills.01277dd26c3a4e28071d.js:1772
run @ polyfills.01277dd26c3a4e28071d.js:1548
(anonymous) @ polyfills.01277dd26c3a4e28071d.js:2214
invokeTask @ polyfills.01277dd26c3a4e28071d.js:1824
onInvokeTask @ vendor.34f22af5ffbffad14cd9.js:227933
invokeTask @ polyfills.01277dd26c3a4e28071d.js:1816
runTask @ polyfills.01277dd26c3a4e28071d.js:1585
v @ polyfills.01277dd26c3a4e28071d.js:1954
vendor.34f22af5ffbffad14cd9.js:15356 WebSocket connection to 'ws://127.0.0.1:14713/' failed: 
(anonymous) @ vendor.34f22af5ffbffad14cd9.js:15356
n @ vendor.34f22af5ffbffad14cd9.js:44092
(anonymous) @ vendor.34f22af5ffbffad14cd9.js:44128
invokeTask @ polyfills.01277dd26c3a4e28071d.js:1824
onInvokeTask @ vendor.34f22af5ffbffad14cd9.js:227933
invokeTask @ polyfills.01277dd26c3a4e28071d.js:1816
runTask @ polyfills.01277dd26c3a4e28071d.js:1585
invokeTask @ polyfills.01277dd26c3a4e28071d.js:1896
(anonymous) @ polyfills.01277dd26c3a4e28071d.js:1890
(anonymous) @ polyfills.01277dd26c3a4e28071d.js:3459
vendor.34f22af5ffbffad14cd9.js:15356 WebSocket connection to 'ws://127.0.0.1:14713/' failed: 
(anonymous) @ vendor.34f22af5ffbffad14cd9.js:15356
n @ vendor.34f22af5ffbffad14cd9.js:44092
(anonymous) @ vendor.34f22af5ffbffad14cd9.js:44128
invokeTask @ polyfills.01277dd26c3a4e28071d.js:1824
onInvokeTask @ vendor.34f22af5ffbffad14cd9.js:227933
invokeTask @ polyfills.01277dd26c3a4e28071d.js:1816
runTask @ polyfills.01277dd26c3a4e28071d.js:1585
invokeTask @ polyfills.01277dd26c3a4e28071d.js:1896
(anonymous) @ polyfills.01277dd26c3a4e28071d.js:1890
(anonymous) @ polyfills.01277dd26c3a4e28071d.js:3459
vendor.34f22af5ffbffad14cd9.js:15356 WebSocket connection to 'ws://127.0.0.1:14713/' failed: 
(anonymous) @ vendor.34f22af5ffbffad14cd9.js:15356
n @ vendor.34f22af5ffbffad14cd9.js:44092
(anonymous) @ vendor.34f22af5ffbffad14cd9.js:44128
invokeTask @ polyfills.01277dd26c3a4e28071d.js:1824
onInvokeTask @ vendor.34f22af5ffbffad14cd9.js:227933
invokeTask @ polyfills.01277dd26c3a4e28071d.js:1816
runTask @ polyfills.01277dd26c3a4e28071d.js:1585
invokeTask @ polyfills.01277dd26c3a4e28071d.js:1896
(anonymous) @ polyfills.01277dd26c3a4e28071d.js:1890
(anonymous) @ polyfills.01277dd26c3a4e28071d.js:3459
vendor.34f22af5ffbffad14cd9.js:15356 WebSocket connection to 'ws://127.0.0.1:14713/' failed: 
(anonymous) @ vendor.34f22af5ffbffad14cd9.js:15356
n @ vendor.34f22af5ffbffad14cd9.js:44092
(anonymous) @ vendor.34f22af5ffbffad14cd9.js:44128
invokeTask @ polyfills.01277dd26c3a4e28071d.js:1824
onInvokeTask @ vendor.34f22af5ffbffad14cd9.js:227933
invokeTask @ polyfills.01277dd26c3a4e28071d.js:1816
runTask @ polyfills.01277dd26c3a4e28071d.js:1585
invokeTask @ polyfills.01277dd26c3a4e28071d.js:1896
(anonymous) @ polyfills.01277dd26c3a4e28071d.js:1890
(anonymous) @ polyfills.01277dd26c3a4e28071d.js:3459
vendor.34f22af5ffbffad14cd9.js:15356 WebSocket connection to 'ws://127.0.0.1:14713/' failed: 
(anonymous) @ vendor.34f22af5ffbffad14cd9.js:15356
n @ vendor.34f22af5ffbffad14cd9.js:44092
(anonymous) @ vendor.34f22af5ffbffad14cd9.js:44128
invokeTask @ polyfills.01277dd26c3a4e28071d.js:1824
onInvokeTask @ vendor.34f22af5ffbffad14cd9.js:227933
invokeTask @ polyfills.01277dd26c3a4e28071d.js:1816
runTask @ polyfills.01277dd26c3a4e28071d.js:1585
invokeTask @ polyfills.01277dd26c3a4e28071d.js:1896
(anonymous) @ polyfills.01277dd26c3a4e28071d.js:1890
(anonymous) @ polyfills.01277dd26c3a4e28071d.js:3459
vendor.34f22af5ffbffad14cd9.js:15356 WebSocket connection to 'ws://127.0.0.1:14713/' failed: 
(anonymous) @ vendor.34f22af5ffbffad14cd9.js:15356
n @ vendor.34f22af5ffbffad14cd9.js:44092
(anonymous) @ vendor.34f22af5ffbffad14cd9.js:44128
invokeTask @ polyfills.01277dd26c3a4e28071d.js:1824
onInvokeTask @ vendor.34f22af5ffbffad14cd9.js:227933
invokeTask @ polyfills.01277dd26c3a4e28071d.js:1816
runTask @ polyfills.01277dd26c3a4e28071d.js:1585
invokeTask @ polyfills.01277dd26c3a4e28071d.js:1896
(anonymous) @ polyfills.01277dd26c3a4e28071d.js:1890
(anonymous) @ polyfills.01277dd26c3a4e28071d.js:3459
vendor.34f22af5ffbffad14cd9.js:15356 WebSocket connection to 'ws://127.0.0.1:14713/' failed: 
(anonymous) @ vendor.34f22af5ffbffad14cd9.js:15356
n @ vendor.34f22af5ffbffad14cd9.js:44092
(anonymous) @ vendor.34f22af5ffbffad14cd9.js:44128
invokeTask @ polyfills.01277dd26c3a4e28071d.js:1824
onInvokeTask @ vendor.34f22af5ffbffad14cd9.js:227933
invokeTask @ polyfills.01277dd26c3a4e28071d.js:1816
runTask @ polyfills.01277dd26c3a4e28071d.js:1585
invokeTask @ polyfills.01277dd26c3a4e28071d.js:1896
(anonymous) @ polyfills.01277dd26c3a4e28071d.js:1890
(anonymous) @ polyfills.01277dd26c3a4e28071d.js:3459
vendor.34f22af5ffbffad14cd9.js:255569 Exception caught and thrown {}
vendor.34f22af5ffbffad14cd9.js:255569 Exception caught and thrown {}
vendor.34f22af5ffbffad14cd9.js:255569 Exception caught and thrown {}
vendor.34f22af5ffbffad14cd9.js:255569 Exception caught and thrown {}
vendor.34f22af5ffbffad14cd9.js:255569 Exception caught and thrown {}
vendor.34f22af5ffbffad14cd9.js:255569 Exception caught and thrown {}
(index):144 [ERROR] [rootZone]    [UI] main.ts#UI-Exception: Error: Serialization Error: Object is undefined for property 'elementServiceDef'
    at Object.deserialize (vendor.34f22af5ffbffad14cd9.js:258739:19)
    at Object.deserialize (vendor.34f22af5ffbffad14cd9.js:258692:15)
    at s.project (vendor.34f22af5ffbffad14cd9.js:2198:19)
    at s._next (vendor.34f22af5ffbffad14cd9.js:163297:30)
    at s.next (vendor.34f22af5ffbffad14cd9.js:28832:34)
    at h.next (vendor.34f22af5ffbffad14cd9.js:50795:31)
    at f.actionResponse (vendor.34f22af5ffbffad14cd9.js:50605:15)
    at Object.msgReceiver (vendor.34f22af5ffbffad14cd9.js:44366:27)
    at Object._receive (vendor.34f22af5ffbffad14cd9.js:44344:18)
    at Object.onWsEvent (vendor.34f22af5ffbffad14cd9.js:44282:22)
console.<computed> @ (index):144
append @ main.17a1455a44197c571024.js:27518
(anonymous) @ main.17a1455a44197c571024.js:130386
prepareMessageAndLoopOverAppenders @ main.17a1455a44197c571024.js:130385
log2appenders @ main.17a1455a44197c571024.js:130369
error @ main.17a1455a44197c571024.js:130318
handleError @ main.17a1455a44197c571024.js:39563
L @ main.17a1455a44197c571024.js:191517
handleError @ polyfills.01277dd26c3a4e28071d.js:1786
onHandleError @ vendor.34f22af5ffbffad14cd9.js:227956
handleError @ polyfills.01277dd26c3a4e28071d.js:1786
runTask @ polyfills.01277dd26c3a4e28071d.js:1587
invokeTask @ polyfills.01277dd26c3a4e28071d.js:1896
(anonymous) @ polyfills.01277dd26c3a4e28071d.js:1890
(anonymous) @ polyfills.01277dd26c3a4e28071d.js:3459
setTimeout
a @ polyfills.01277dd26c3a4e28071d.js:3467
scheduleTask @ polyfills.01277dd26c3a4e28071d.js:1806
onScheduleTask @ polyfills.01277dd26c3a4e28071d.js:1676
scheduleTask @ polyfills.01277dd26c3a4e28071d.js:1799
scheduleTask @ polyfills.01277dd26c3a4e28071d.js:1616
scheduleMacroTask @ polyfills.01277dd26c3a4e28071d.js:1634
u @ polyfills.01277dd26c3a4e28071d.js:2415
(anonymous) @ polyfills.01277dd26c3a4e28071d.js:3480
(anonymous) @ polyfills.01277dd26c3a4e28071d.js:2590
i @ vendor.34f22af5ffbffad14cd9.js:213488
error @ vendor.34f22af5ffbffad14cd9.js:255031
__tryOrUnsub @ vendor.34f22af5ffbffad14cd9.js:28924
error @ vendor.34f22af5ffbffad14cd9.js:28899
_error @ vendor.34f22af5ffbffad14cd9.js:28847
error @ vendor.34f22af5ffbffad14cd9.js:28835
_error @ vendor.34f22af5ffbffad14cd9.js:28847
error @ vendor.34f22af5ffbffad14cd9.js:28835
_error @ vendor.34f22af5ffbffad14cd9.js:28847
error @ vendor.34f22af5ffbffad14cd9.js:28835
_error @ vendor.34f22af5ffbffad14cd9.js:28847
error @ vendor.34f22af5ffbffad14cd9.js:28835
_subscribe @ vendor.34f22af5ffbffad14cd9.js:115256
_trySubscribe @ vendor.34f22af5ffbffad14cd9.js:89315
_trySubscribe @ vendor.34f22af5ffbffad14cd9.js:165494
subscribe @ vendor.34f22af5ffbffad14cd9.js:89304
_subscribe @ vendor.34f22af5ffbffad14cd9.js:8920
subscribe @ vendor.34f22af5ffbffad14cd9.js:89303
call @ vendor.34f22af5ffbffad14cd9.js:89728
subscribe @ vendor.34f22af5ffbffad14cd9.js:89299
call @ vendor.34f22af5ffbffad14cd9.js:127690
subscribe @ vendor.34f22af5ffbffad14cd9.js:89299
call @ vendor.34f22af5ffbffad14cd9.js:89728
subscribe @ vendor.34f22af5ffbffad14cd9.js:89299
sendEvent @ main.17a1455a44197c571024.js:46406
sendTouchInputSignal @ main-main-module-ngfactory.71de93478bd98fb8b314.js:60639
emitTap @ main.17a1455a44197c571024.js:30747
(anonymous) @ main.17a1455a44197c571024.js:30741
invoke @ polyfills.01277dd26c3a4e28071d.js:1781
onInvoke @ vendor.34f22af5ffbffad14cd9.js:227940
invoke @ polyfills.01277dd26c3a4e28071d.js:1772
run @ polyfills.01277dd26c3a4e28071d.js:1548
run @ vendor.34f22af5ffbffad14cd9.js:227975
pressEndFired @ main.17a1455a44197c571024.js:30724
(anonymous) @ main.17a1455a44197c571024.js:30712
__tryOrUnsub @ vendor.34f22af5ffbffad14cd9.js:28924
next @ vendor.34f22af5ffbffad14cd9.js:28889
_next @ vendor.34f22af5ffbffad14cd9.js:28844
next @ vendor.34f22af5ffbffad14cd9.js:28832
_next @ vendor.34f22af5ffbffad14cd9.js:28844
next @ vendor.34f22af5ffbffad14cd9.js:28832
next @ vendor.34f22af5ffbffad14cd9.js:165464
firePressEnd @ main.17a1455a44197c571024.js:96254
pressup @ main.17a1455a44197c571024.js:96347
__tryOrUnsub @ vendor.34f22af5ffbffad14cd9.js:28924
next @ vendor.34f22af5ffbffad14cd9.js:28889
_next @ vendor.34f22af5ffbffad14cd9.js:28844
next @ vendor.34f22af5ffbffad14cd9.js:28832
_next @ vendor.34f22af5ffbffad14cd9.js:28844
next @ vendor.34f22af5ffbffad14cd9.js:28832
_next @ vendor.34f22af5ffbffad14cd9.js:28844
next @ vendor.34f22af5ffbffad14cd9.js:28832
next @ vendor.34f22af5ffbffad14cd9.js:165464
(anonymous) @ main.17a1455a44197c571024.js:34973
__tryOrUnsub @ vendor.34f22af5ffbffad14cd9.js:28924
next @ vendor.34f22af5ffbffad14cd9.js:28889
_next @ vendor.34f22af5ffbffad14cd9.js:28844
next @ vendor.34f22af5ffbffad14cd9.js:28832
_next @ vendor.34f22af5ffbffad14cd9.js:41542
next @ vendor.34f22af5ffbffad14cd9.js:28832
notifyNext @ vendor.34f22af5ffbffad14cd9.js:185249
_next @ vendor.34f22af5ffbffad14cd9.js:254948
next @ vendor.34f22af5ffbffad14cd9.js:28832
(anonymous) @ main.17a1455a44197c571024.js:122554
(anonymous) @ main.17a1455a44197c571024.js:122553
__tryOrUnsub @ vendor.34f22af5ffbffad14cd9.js:28924
next @ vendor.34f22af5ffbffad14cd9.js:28889
_next @ vendor.34f22af5ffbffad14cd9.js:28844
next @ vendor.34f22af5ffbffad14cd9.js:28832
_next @ vendor.34f22af5ffbffad14cd9.js:28844
next @ vendor.34f22af5ffbffad14cd9.js:28832
_next @ vendor.34f22af5ffbffad14cd9.js:41542
next @ vendor.34f22af5ffbffad14cd9.js:28832
_next @ vendor.34f22af5ffbffad14cd9.js:41542
next @ vendor.34f22af5ffbffad14cd9.js:28832
_next @ vendor.34f22af5ffbffad14cd9.js:28844
next @ vendor.34f22af5ffbffad14cd9.js:28832
i @ main.17a1455a44197c571024.js:123385
bubbleListener @ main.17a1455a44197c571024.js:123322
invokeTask @ polyfills.01277dd26c3a4e28071d.js:1824
runTask @ polyfills.01277dd26c3a4e28071d.js:1585
invokeTask @ polyfills.01277dd26c3a4e28071d.js:1896
h @ polyfills.01277dd26c3a4e28071d.js:2715
p @ polyfills.01277dd26c3a4e28071d.js:2736
(index):144 [ERROR] [GlobalErrorHandler]    [UI] GlobalErrorHandler#UI-Exception: Error: Serialization Error: Object is undefined for property 'elementServiceDef'
    at Object.deserialize (vendor.34f22af5ffbffad14cd9.js:258739:19)
    at Object.deserialize (vendor.34f22af5ffbffad14cd9.js:258692:15)
    at s.project (vendor.34f22af5ffbffad14cd9.js:2198:19)
    at s._next (vendor.34f22af5ffbffad14cd9.js:163297:30)
    at s.next (vendor.34f22af5ffbffad14cd9.js:28832:34)
    at h.next (vendor.34f22af5ffbffad14cd9.js:50795:31)
    at f.actionResponse (vendor.34f22af5ffbffad14cd9.js:50605:15)
    at Object.msgReceiver (vendor.34f22af5ffbffad14cd9.js:44366:27)
    at Object._receive (vendor.34f22af5ffbffad14cd9.js:44344:18)
    at Object.onWsEvent (vendor.34f22af5ffbffad14cd9.js:44282:22)
console.<computed> @ (index):144
append @ main.17a1455a44197c571024.js:27518
(anonymous) @ main.17a1455a44197c571024.js:130386
prepareMessageAndLoopOverAppenders @ main.17a1455a44197c571024.js:130385
log2appenders @ main.17a1455a44197c571024.js:130369
error @ main.17a1455a44197c571024.js:130318
handleError @ main.17a1455a44197c571024.js:39563
handleError @ main.17a1455a44197c571024.js:39589
next @ vendor.34f22af5ffbffad14cd9.js:228273
(anonymous) @ vendor.34f22af5ffbffad14cd9.js:227685
__tryOrUnsub @ vendor.34f22af5ffbffad14cd9.js:28924
next @ vendor.34f22af5ffbffad14cd9.js:28889
_next @ vendor.34f22af5ffbffad14cd9.js:28844
next @ vendor.34f22af5ffbffad14cd9.js:28832
next @ vendor.34f22af5ffbffad14cd9.js:165464
emit @ vendor.34f22af5ffbffad14cd9.js:227673
(anonymous) @ vendor.34f22af5ffbffad14cd9.js:227957
invoke @ polyfills.01277dd26c3a4e28071d.js:1781
run @ polyfills.01277dd26c3a4e28071d.js:1548
runOutsideAngular @ vendor.34f22af5ffbffad14cd9.js:227990
onHandleError @ vendor.34f22af5ffbffad14cd9.js:227957
handleError @ polyfills.01277dd26c3a4e28071d.js:1786
runTask @ polyfills.01277dd26c3a4e28071d.js:1587
invokeTask @ polyfills.01277dd26c3a4e28071d.js:1896
(anonymous) @ polyfills.01277dd26c3a4e28071d.js:1890
(anonymous) @ polyfills.01277dd26c3a4e28071d.js:3459
setTimeout
a @ polyfills.01277dd26c3a4e28071d.js:3467
scheduleTask @ polyfills.01277dd26c3a4e28071d.js:1806
onScheduleTask @ polyfills.01277dd26c3a4e28071d.js:1676
scheduleTask @ polyfills.01277dd26c3a4e28071d.js:1799
scheduleTask @ polyfills.01277dd26c3a4e28071d.js:1616
scheduleMacroTask @ polyfills.01277dd26c3a4e28071d.js:1634
u @ polyfills.01277dd26c3a4e28071d.js:2415
(anonymous) @ polyfills.01277dd26c3a4e28071d.js:3480
(anonymous) @ polyfills.01277dd26c3a4e28071d.js:2590
i @ vendor.34f22af5ffbffad14cd9.js:213488
error @ vendor.34f22af5ffbffad14cd9.js:255031
__tryOrUnsub @ vendor.34f22af5ffbffad14cd9.js:28924
error @ vendor.34f22af5ffbffad14cd9.js:28899
_error @ vendor.34f22af5ffbffad14cd9.js:28847
error @ vendor.34f22af5ffbffad14cd9.js:28835
_error @ vendor.34f22af5ffbffad14cd9.js:28847
error @ vendor.34f22af5ffbffad14cd9.js:28835
_error @ vendor.34f22af5ffbffad14cd9.js:28847
error @ vendor.34f22af5ffbffad14cd9.js:28835
_error @ vendor.34f22af5ffbffad14cd9.js:28847
error @ vendor.34f22af5ffbffad14cd9.js:28835
_subscribe @ vendor.34f22af5ffbffad14cd9.js:115256
_trySubscribe @ vendor.34f22af5ffbffad14cd9.js:89315
_trySubscribe @ vendor.34f22af5ffbffad14cd9.js:165494
subscribe @ vendor.34f22af5ffbffad14cd9.js:89304
_subscribe @ vendor.34f22af5ffbffad14cd9.js:8920
subscribe @ vendor.34f22af5ffbffad14cd9.js:89303
call @ vendor.34f22af5ffbffad14cd9.js:89728
subscribe @ vendor.34f22af5ffbffad14cd9.js:89299
call @ vendor.34f22af5ffbffad14cd9.js:127690
subscribe @ vendor.34f22af5ffbffad14cd9.js:89299
call @ vendor.34f22af5ffbffad14cd9.js:89728
subscribe @ vendor.34f22af5ffbffad14cd9.js:89299
sendEvent @ main.17a1455a44197c571024.js:46406
sendTouchInputSignal @ main-main-module-ngfactory.71de93478bd98fb8b314.js:60639
emitTap @ main.17a1455a44197c571024.js:30747
(anonymous) @ main.17a1455a44197c571024.js:30741
invoke @ polyfills.01277dd26c3a4e28071d.js:1781
onInvoke @ vendor.34f22af5ffbffad14cd9.js:227940
invoke @ polyfills.01277dd26c3a4e28071d.js:1772
run @ polyfills.01277dd26c3a4e28071d.js:1548
run @ vendor.34f22af5ffbffad14cd9.js:227975
pressEndFired @ main.17a1455a44197c571024.js:30724
(anonymous) @ main.17a1455a44197c571024.js:30712
__tryOrUnsub @ vendor.34f22af5ffbffad14cd9.js:28924
next @ vendor.34f22af5ffbffad14cd9.js:28889
_next @ vendor.34f22af5ffbffad14cd9.js:28844
next @ vendor.34f22af5ffbffad14cd9.js:28832
_next @ vendor.34f22af5ffbffad14cd9.js:28844
next @ vendor.34f22af5ffbffad14cd9.js:28832
next @ vendor.34f22af5ffbffad14cd9.js:165464
firePressEnd @ main.17a1455a44197c571024.js:96254
pressup @ main.17a1455a44197c571024.js:96347
__tryOrUnsub @ vendor.34f22af5ffbffad14cd9.js:28924
next @ vendor.34f22af5ffbffad14cd9.js:28889
_next @ vendor.34f22af5ffbffad14cd9.js:28844
next @ vendor.34f22af5ffbffad14cd9.js:28832
_next @ vendor.34f22af5ffbffad14cd9.js:28844
next @ vendor.34f22af5ffbffad14cd9.js:28832
_next @ vendor.34f22af5ffbffad14cd9.js:28844
next @ vendor.34f22af5ffbffad14cd9.js:28832
next @ vendor.34f22af5ffbffad14cd9.js:165464
(anonymous) @ main.17a1455a44197c571024.js:34973
__tryOrUnsub @ vendor.34f22af5ffbffad14cd9.js:28924
next @ vendor.34f22af5ffbffad14cd9.js:28889
_next @ vendor.34f22af5ffbffad14cd9.js:28844
next @ vendor.34f22af5ffbffad14cd9.js:28832
_next @ vendor.34f22af5ffbffad14cd9.js:41542
next @ vendor.34f22af5ffbffad14cd9.js:28832
notifyNext @ vendor.34f22af5ffbffad14cd9.js:185249
_next @ vendor.34f22af5ffbffad14cd9.js:254948
next @ vendor.34f22af5ffbffad14cd9.js:28832
(anonymous) @ main.17a1455a44197c571024.js:122554
(anonymous) @ main.17a1455a44197c571024.js:122553
__tryOrUnsub @ vendor.34f22af5ffbffad14cd9.js:28924
next @ vendor.34f22af5ffbffad14cd9.js:28889
_next @ vendor.34f22af5ffbffad14cd9.js:28844
next @ vendor.34f22af5ffbffad14cd9.js:28832
_next @ vendor.34f22af5ffbffad14cd9.js:28844
next @ vendor.34f22af5ffbffad14cd9.js:28832
_next @ vendor.34f22af5ffbffad14cd9.js:41542
next @ vendor.34f22af5ffbffad14cd9.js:28832
_next @ vendor.34f22af5ffbffad14cd9.js:41542
next @ vendor.34f22af5ffbffad14cd9.js:28832
_next @ vendor.34f22af5ffbffad14cd9.js:28844
next @ vendor.34f22af5ffbffad14cd9.js:28832
i @ main.17a1455a44197c571024.js:123385
bubbleListener @ main.17a1455a44197c571024.js:123322
invokeTask @ polyfills.01277dd26c3a4e28071d.js:1824
runTask @ polyfills.01277dd26c3a4e28071d.js:1585
invokeTask @ polyfills.01277dd26c3a4e28071d.js:1896
h @ polyfills.01277dd26c3a4e28071d.js:2715
p @ polyfills.01277dd26c3a4e28071d.js:2736
(index):144 [ERROR] [AppComponent]    [UI] AppComponent#UI-Exception: Error: Serialization Error: Object is undefined for property 'elementServiceDef'
    at Object.deserialize (vendor.34f22af5ffbffad14cd9.js:258739:19)
    at Object.deserialize (vendor.34f22af5ffbffad14cd9.js:258692:15)
    at s.project (vendor.34f22af5ffbffad14cd9.js:2198:19)
    at s._next (vendor.34f22af5ffbffad14cd9.js:163297:30)
    at s.next (vendor.34f22af5ffbffad14cd9.js:28832:34)
    at h.next (vendor.34f22af5ffbffad14cd9.js:50795:31)
    at f.actionResponse (vendor.34f22af5ffbffad14cd9.js:50605:15)
    at Object.msgReceiver (vendor.34f22af5ffbffad14cd9.js:44366:27)
    at Object._receive (vendor.34f22af5ffbffad14cd9.js:44344:18)
    at Object.onWsEvent (vendor.34f22af5ffbffad14cd9.js:44282:22)
console.<computed> @ (index):144
append @ main.17a1455a44197c571024.js:27518
(anonymous) @ main.17a1455a44197c571024.js:130386
prepareMessageAndLoopOverAppenders @ main.17a1455a44197c571024.js:130385
log2appenders @ main.17a1455a44197c571024.js:130369
error @ main.17a1455a44197c571024.js:130318
handleError @ main.17a1455a44197c571024.js:39563
(anonymous) @ main.17a1455a44197c571024.js:91599
(anonymous) @ vendor.34f22af5ffbffad14cd9.js:227708
__tryOrUnsub @ vendor.34f22af5ffbffad14cd9.js:28924
next @ vendor.34f22af5ffbffad14cd9.js:28889
_next @ vendor.34f22af5ffbffad14cd9.js:28844
next @ vendor.34f22af5ffbffad14cd9.js:28832
next @ vendor.34f22af5ffbffad14cd9.js:165464
emit @ vendor.34f22af5ffbffad14cd9.js:227673
(anonymous) @ vendor.34f22af5ffbffad14cd9.js:227957
invoke @ polyfills.01277dd26c3a4e28071d.js:1781
run @ polyfills.01277dd26c3a4e28071d.js:1548
runOutsideAngular @ vendor.34f22af5ffbffad14cd9.js:227990
onHandleError @ vendor.34f22af5ffbffad14cd9.js:227957
handleError @ polyfills.01277dd26c3a4e28071d.js:1786
runTask @ polyfills.01277dd26c3a4e28071d.js:1587
invokeTask @ polyfills.01277dd26c3a4e28071d.js:1896
(anonymous) @ polyfills.01277dd26c3a4e28071d.js:1890
(anonymous) @ polyfills.01277dd26c3a4e28071d.js:3459
setTimeout
a @ polyfills.01277dd26c3a4e28071d.js:3467
scheduleTask @ polyfills.01277dd26c3a4e28071d.js:1806
onScheduleTask @ polyfills.01277dd26c3a4e28071d.js:1676
scheduleTask @ polyfills.01277dd26c3a4e28071d.js:1799
scheduleTask @ polyfills.01277dd26c3a4e28071d.js:1616
scheduleMacroTask @ polyfills.01277dd26c3a4e28071d.js:1634
u @ polyfills.01277dd26c3a4e28071d.js:2415
(anonymous) @ polyfills.01277dd26c3a4e28071d.js:3480
(anonymous) @ polyfills.01277dd26c3a4e28071d.js:2590
i @ vendor.34f22af5ffbffad14cd9.js:213488
error @ vendor.34f22af5ffbffad14cd9.js:255031
__tryOrUnsub @ vendor.34f22af5ffbffad14cd9.js:28924
error @ vendor.34f22af5ffbffad14cd9.js:28899
_error @ vendor.34f22af5ffbffad14cd9.js:28847
error @ vendor.34f22af5ffbffad14cd9.js:28835
_error @ vendor.34f22af5ffbffad14cd9.js:28847
error @ vendor.34f22af5ffbffad14cd9.js:28835
_error @ vendor.34f22af5ffbffad14cd9.js:28847
error @ vendor.34f22af5ffbffad14cd9.js:28835
_error @ vendor.34f22af5ffbffad14cd9.js:28847
error @ vendor.34f22af5ffbffad14cd9.js:28835
_subscribe @ vendor.34f22af5ffbffad14cd9.js:115256
_trySubscribe @ vendor.34f22af5ffbffad14cd9.js:89315
_trySubscribe @ vendor.34f22af5ffbffad14cd9.js:165494
subscribe @ vendor.34f22af5ffbffad14cd9.js:89304
_subscribe @ vendor.34f22af5ffbffad14cd9.js:8920
subscribe @ vendor.34f22af5ffbffad14cd9.js:89303
call @ vendor.34f22af5ffbffad14cd9.js:89728
subscribe @ vendor.34f22af5ffbffad14cd9.js:89299
call @ vendor.34f22af5ffbffad14cd9.js:127690
subscribe @ vendor.34f22af5ffbffad14cd9.js:89299
call @ vendor.34f22af5ffbffad14cd9.js:89728
subscribe @ vendor.34f22af5ffbffad14cd9.js:89299
sendEvent @ main.17a1455a44197c571024.js:46406
sendTouchInputSignal @ main-main-module-ngfactory.71de93478bd98fb8b314.js:60639
emitTap @ main.17a1455a44197c571024.js:30747
(anonymous) @ main.17a1455a44197c571024.js:30741
invoke @ polyfills.01277dd26c3a4e28071d.js:1781
onInvoke @ vendor.34f22af5ffbffad14cd9.js:227940
invoke @ polyfills.01277dd26c3a4e28071d.js:1772
run @ polyfills.01277dd26c3a4e28071d.js:1548
run @ vendor.34f22af5ffbffad14cd9.js:227975
pressEndFired @ main.17a1455a44197c571024.js:30724
(anonymous) @ main.17a1455a44197c571024.js:30712
__tryOrUnsub @ vendor.34f22af5ffbffad14cd9.js:28924
next @ vendor.34f22af5ffbffad14cd9.js:28889
_next @ vendor.34f22af5ffbffad14cd9.js:28844
next @ vendor.34f22af5ffbffad14cd9.js:28832
_next @ vendor.34f22af5ffbffad14cd9.js:28844
next @ vendor.34f22af5ffbffad14cd9.js:28832
next @ vendor.34f22af5ffbffad14cd9.js:165464
firePressEnd @ main.17a1455a44197c571024.js:96254
pressup @ main.17a1455a44197c571024.js:96347
__tryOrUnsub @ vendor.34f22af5ffbffad14cd9.js:28924
next @ vendor.34f22af5ffbffad14cd9.js:28889
_next @ vendor.34f22af5ffbffad14cd9.js:28844
next @ vendor.34f22af5ffbffad14cd9.js:28832
_next @ vendor.34f22af5ffbffad14cd9.js:28844
next @ vendor.34f22af5ffbffad14cd9.js:28832
_next @ vendor.34f22af5ffbffad14cd9.js:28844
next @ vendor.34f22af5ffbffad14cd9.js:28832
next @ vendor.34f22af5ffbffad14cd9.js:165464
(anonymous) @ main.17a1455a44197c571024.js:34973
__tryOrUnsub @ vendor.34f22af5ffbffad14cd9.js:28924
next @ vendor.34f22af5ffbffad14cd9.js:28889
_next @ vendor.34f22af5ffbffad14cd9.js:28844
next @ vendor.34f22af5ffbffad14cd9.js:28832
_next @ vendor.34f22af5ffbffad14cd9.js:41542
next @ vendor.34f22af5ffbffad14cd9.js:28832
notifyNext @ vendor.34f22af5ffbffad14cd9.js:185249
_next @ vendor.34f22af5ffbffad14cd9.js:254948
next @ vendor.34f22af5ffbffad14cd9.js:28832
(anonymous) @ main.17a1455a44197c571024.js:122554
(anonymous) @ main.17a1455a44197c571024.js:122553
__tryOrUnsub @ vendor.34f22af5ffbffad14cd9.js:28924
next @ vendor.34f22af5ffbffad14cd9.js:28889
_next @ vendor.34f22af5ffbffad14cd9.js:28844
next @ vendor.34f22af5ffbffad14cd9.js:28832
_next @ vendor.34f22af5ffbffad14cd9.js:28844
next @ vendor.34f22af5ffbffad14cd9.js:28832
_next @ vendor.34f22af5ffbffad14cd9.js:41542
next @ vendor.34f22af5ffbffad14cd9.js:28832
_next @ vendor.34f22af5ffbffad14cd9.js:41542
next @ vendor.34f22af5ffbffad14cd9.js:28832
_next @ vendor.34f22af5ffbffad14cd9.js:28844
next @ vendor.34f22af5ffbffad14cd9.js:28832
i @ main.17a1455a44197c571024.js:123385
bubbleListener @ main.17a1455a44197c571024.js:123322
invokeTask @ polyfills.01277dd26c3a4e28071d.js:1824
runTask @ polyfills.01277dd26c3a4e28071d.js:1585
invokeTask @ polyfills.01277dd26c3a4e28071d.js:1896
h @ polyfills.01277dd26c3a4e28071d.js:2715
p @ polyfills.01277dd26c3a4e28071d.js:2736
(index):144 [ERROR] [GlobalRoutingService]    [UI] GlobalRoutingService#(Angular Routing Blocked #1): Routing to "/main/home/" from "/main/users/user-account-list" took longer than 5000ms. The HMI might be blocked!!!

When no further navigation is possible a RouterGuard is still blocking Angular navigation - Check a previous occurrence of this error message in this case.
console.<computed> @ (index):144
append @ main.17a1455a44197c571024.js:27518
(anonymous) @ main.17a1455a44197c571024.js:130386
prepareMessageAndLoopOverAppenders @ main.17a1455a44197c571024.js:130385
log2appenders @ main.17a1455a44197c571024.js:130369
error @ main.17a1455a44197c571024.js:130318
(anonymous) @ main.17a1455a44197c571024.js:49106
__tryOrUnsub @ vendor.34f22af5ffbffad14cd9.js:28924
next @ vendor.34f22af5ffbffad14cd9.js:28889
_next @ vendor.34f22af5ffbffad14cd9.js:28844
next @ vendor.34f22af5ffbffad14cd9.js:28832
_next @ vendor.34f22af5ffbffad14cd9.js:28844
next @ vendor.34f22af5ffbffad14cd9.js:28832
next @ vendor.34f22af5ffbffad14cd9.js:165464
nextInfiniteTimeWindow @ vendor.34f22af5ffbffad14cd9.js:115231
_next @ vendor.34f22af5ffbffad14cd9.js:28844
next @ vendor.34f22af5ffbffad14cd9.js:28832
_next @ vendor.34f22af5ffbffad14cd9.js:108016
next @ vendor.34f22af5ffbffad14cd9.js:28832
_tryNext @ vendor.34f22af5ffbffad14cd9.js:126480
_next @ vendor.34f22af5ffbffad14cd9.js:126469
next @ vendor.34f22af5ffbffad14cd9.js:28832
notifyNext @ vendor.34f22af5ffbffad14cd9.js:127729
_next @ vendor.34f22af5ffbffad14cd9.js:254948
next @ vendor.34f22af5ffbffad14cd9.js:28832
_next @ vendor.34f22af5ffbffad14cd9.js:163301
next @ vendor.34f22af5ffbffad14cd9.js:28832
notifyNext @ vendor.34f22af5ffbffad14cd9.js:247298
_next @ vendor.34f22af5ffbffad14cd9.js:254948
next @ vendor.34f22af5ffbffad14cd9.js:28832
(anonymous) @ vendor.34f22af5ffbffad14cd9.js:188873
_trySubscribe @ vendor.34f22af5ffbffad14cd9.js:89315
subscribe @ vendor.34f22af5ffbffad14cd9.js:89304
s @ vendor.34f22af5ffbffad14cd9.js:239576
dispatchTimeout @ vendor.34f22af5ffbffad14cd9.js:273438
_execute @ vendor.34f22af5ffbffad14cd9.js:69379
execute @ vendor.34f22af5ffbffad14cd9.js:69369
flush @ vendor.34f22af5ffbffad14cd9.js:57538
invokeTask @ polyfills.01277dd26c3a4e28071d.js:1824
onInvokeTask @ vendor.34f22af5ffbffad14cd9.js:227933
invokeTask @ polyfills.01277dd26c3a4e28071d.js:1816
runTask @ polyfills.01277dd26c3a4e28071d.js:1585
invokeTask @ polyfills.01277dd26c3a4e28071d.js:1896
(anonymous) @ polyfills.01277dd26c3a4e28071d.js:1890
(anonymous) @ polyfills.01277dd26c3a4e28071d.js:3459
